#<Kitchen::ReferenceElementEnumerator: #<Enumerator::Generator:0x000055ea61ed6d80>:each>