<body>
    <a>skip this link</a>
<a href="?key">Example x.y</a>

  </body>