
    <div data-type="chapter">
  <div data-type="page" id="testidOne">
    <div class="os-table os-top-titled-container"><div class="os-table-title">Top Titled Table Title</div>
<table class="unnumbered top-titled" id="tId">
  <thead>
    
  </thead>
</table></div>

  </div>
</div>

  