<div data-type="chapter">
  <div data-type="page">
    <h1 data-type="document-title">Stuff and Things</h1>
    <section data-depth="1" id="0" class="free-response">
      <h3 data-type="title">HOMEWORK</h3>
      <div data-type="exercise">
        <div data-type="problem">How much wood does a wood chuck chuck?</div>
        
      </div>
    </section>
    <section data-depth="1" id="0" class="practice">
      <h3 data-type="title">PRACTICE</h3>
      <div data-type="exercise">
        <div data-type="problem">What is the airspeed velocity of an unladen swallow?</div>
        
      </div>
    </section>
  </div>
<div class="os-eoc os-solutions-container" data-type="composite-page" data-uuid-key="solutions">
  <h2 data-type="document-title">
    <span class="os-text">Solutions</span>
  </h2>
  <div data-type="metadata" style="display: none;">
    <h1 data-type="document-title" itemprop="name">Solutions</h1>
    <span data-type="revised">Revised</span><span data-type="slug">Slug</span><div class="authors">Authors</div><div class="publishers">Publishers</div><div class="print-style">Print Style</div><div class="permissions">Permissions</div><div data-type="subject">Subject</div>
  </div>
  <div data-type="solution" id="1">
          <p>Not much here because bakeNumberedNotes does that for us </p>
        </div><div data-type="solution" id="2">
          <p>Something that Numbered Notes will handle</p>
        </div>
</div>
</div>