<section class="chapter-summary"><h2 data-type="title">
  <span class="os-text">Summary</span>
</h2>

    <p>Some paragraph</p>
  </section>