<div data-type="chapter"><div data-type="page" id="apId">
</div><div class="os-eoc os-key-equations-container" data-type="composite-page" data-uuid-key=".key-equations">
  <h2 data-type="document-title">
    <span class="os-text">Key Equations</span>
  </h2>
  <div data-type="metadata" style="display: none;">
    <h1 data-type="document-title" itemprop="name">Key Equations</h1>
    <span data-type="revised">Revised</span><span data-type="slug">Slug</span><div class="authors">Authors</div><div class="publishers">Publishers</div><div class="print-style">Print Style</div><div class="permissions">Permissions</div><div data-type="subject">Subject</div>
  </div>
  <section class="key-equations">
  
  <p>Equations blah.</p>
</section>
</div>
</div>