#<Kitchen::PageElementEnumerator: #<Enumerator::Generator:0x00007ffa0a48da08>:each>