<div data-type="injected-exercise" data-injected-from-nickname="contmath91" data-injected-from-version="2" data-injected-from-url="url" data-tags="type:practice all" data-is-vocab="False" data-question-count="1" data-is-multipart="False">
  <div data-type="exercise-stimulus">Stimulus text for exercise.</div>
  
  <div data-type="exercise-question" data-is-answer-order-important="False" data-formats="free-response"><div data-type="exercise-context" data-context-module="abc" data-context-feature="def">Refer to <a class="autogenerated-content" href="#abcdef-test">[link]</a></div>
    placeholder
  </div>
</div>