<html xmlns:m="http://www.w3.org/1998/Math/MathML" data-pdf-folio-preface-message="Preface" data-pdf-folio-access-message="Access for free at openstax.org">
  <body>
    <div class="hi">Howdy</div>

  </body>
</html>