<body>
    <a>skip this link</a>
<a href="?key" class="example-label">Example x.y</a>

  </body>