<div data-type="page" id="testidOne">
    <section>
  
<div data-type="exercise">
  <div data-type="problem">
    <span class="os-number">1</span>
    <span class="os-divider">. </span>
    <div class="os-problem-container"><div>Question</div></div>
  </div>
</div>
</section>

  </div>