<div data-type="chapter"><div data-type="page" id="00" class="introduction">
  <h1 data-type="document-title" itemprop="name" id="intro">Introduction page!</h1>
  
</div>
<div data-type="page" id="01">
  <h1 data-type="document-title" itemprop="name" id="first"><em data-effect="italics">Italics</em>  not italics with <sub>subscript</sub> and <sup>superscript</sup> text First Title</h1>
  
</div>
<div class="os-eoc os-further-research-container" data-type="composite-page" data-uuid-key=".further-research">
  <h2 data-type="document-title">
    <span class="os-text">Further Research</span>
  </h2>
  <div data-type="metadata" style="display: none;">
    <h1 data-type="document-title" itemprop="name">Further Research</h1>
    <span data-type="revised" id="revised_copy_1">Revised</span><span data-type="slug" id="slug_copy_1">Slug</span><div class="authors" id="authors_copy_1">Authors</div><div class="publishers" id="publishers_copy_1">Publishers</div><div class="print-style" id="print-style_copy_1">Print Style</div><div class="permissions" id="permissions_copy_1">Permissions</div><div data-type="subject" id="subject_copy_1">Subject</div>
  </div>
  <section class="further-research" data-element-type="further-research"><a href="#00_titlecreatedbycookbook">
  <h3 data-type="document-title">
  
  <span class="os-text" data-type="" itemprop="">Introduction page!</span>
</h3>

</a>

      
      <p>This moves too!</p>
  </section><section class="further-research" data-element-type="further-research"><a href="#01_titlecreatedbycookbook">
  <h3 data-type="document-title">
  <span class="os-number">1.1</span>
<span class="os-divider"> </span>

  <span class="os-text" data-type="" itemprop=""><em data-effect="italics">Italics</em>  not italics with <sub>subscript</sub> and <sup>superscript</sup> text First Title</span>
</h3>

</a>

      
      <p>Many paragraphs provide a good summary.</p>
  </section>
</div>
</div>