<div class="os-eob os-solutions-container" data-type="composite-page" data-uuid-key=".appendixsolutions1">
  <h2 data-type="document-title">
    <span class="os-text">Dodatek A</span>
  </h2>
  <div data-type="metadata" style="display: none;">
    <h1 data-type="document-title" itemprop="name">Dodatek A</h1>
    <span data-type="revised">Revised</span><span data-type="slug">Slug</span><div class="authors">Authors</div><div class="publishers">Publishers</div><div class="print-style">Print Style</div><div class="permissions">Permissions</div><div data-type="subject">Subject</div>
  </div>
</div>