
    <table id="tableId" summary="A summary..." data-columns="3" data-ratio="1,2,1">
  <colgroup>
    <col data-width="1*"/>
    <col data-width="2*"/>
    <col data-width="1*"/>
  </colgroup>
  <thead>
    <tr>
      <th colspan="3" data-align="center">The Title</th>
    </tr>
    <tr valign="top">
      <th data-align="left">Heading</th>
      <th data-align="left">Heading2</th>
      <th data-align="left">Heading3</th>
    </tr>
  </thead>
  <tbody>
    <tr valign="top">
      <td data-align="left">Bar</td>
      <td data-align="left">Foo</td>
      <td data-align="left">Some</td>
    </tr>
  </tbody>
</table>

  