<div class="os-table os-narrow-table-container"><table class="narrow-table" id="tId">
</table><div class="os-caption-container">
  <span class="os-title-label">Table </span>
  <span class="os-number">2.3</span>
  <span class="os-divider"> </span>
  <span class="os-divider"> </span>
</div>
</div>