<div data-type="chapter">
<div class="os-eoc os-glossary-container" data-type="composite-page" data-uuid-key="glossary">
  <h2 data-type="document-title">
    <span class="os-text">Key Terms</span>
  </h2>
  <div data-type="metadata" style="display: none;">
    <h1 data-type="document-title" itemprop="name">Key Terms</h1>
    <span data-type="revised" id="revised_copy_1">Revised</span><span data-type="slug" id="slug_copy_1">Slug</span><div class="authors" id="authors_copy_1">Authors</div><div class="publishers" id="publishers_copy_1">Publishers</div><div class="print-style" id="print-style_copy_1">Print Style</div><div class="permissions" id="permissions_copy_1">Permissions</div><div data-type="subject" id="subject_copy_1">Subject</div>
  </div>
  <dl>
      <dt>ABD</dt>
      <dd>Test 2</dd>
    </dl><dl>
      <dt>ZzZ</dt>
      <dd>Achoo</dd>
    </dl><dl>
      <dt>ZzZ</dt>
      <dd>Test 1</dd>
    </dl>
</div>
</div>