<div class="top-level"><div class="os-solution-area">
  <h3 data-type="title">
  <span class="os-title-label">Another Exercise 3.4 Section</span>
</h3>

  <div data-type="solution">
      <div class="os-solution-container">Solution 1</div>
    </div>
</div>
</div>