<div data-type="chapter"><div data-type="page" id="page1">
  <h1 data-type="document-title">Introduction to Sociology</h1>
  <p>Some text
    <a href="#note1" data-type="cite" id="some-id"><sup class="os-end-note-number">1</sup>

      
    </a>
  </p>
  
</div>
<div data-type="page" id="page2">
  <h1 data-type="document-title">What Is Sociology?</h1>
  <p>Some text
    <a href="#note2" data-type="cite" id="some-id2"><sup class="os-end-note-number">2</sup>

      
    </a>
  </p>
  
</div>
<div class="os-eoc os-references-container" data-type="composite-page" data-uuid-key=".references">
  <h2 data-type="document-title">
    <span class="os-text">Endnotes</span>
  </h2>
  <div data-type="metadata" style="display: none;">
    <h1 data-type="document-title" itemprop="name">Endnotes</h1>
    <span data-type="revised" id="revised_copy_1">Revised</span><span data-type="slug" id="slug_copy_1">Slug</span><div class="authors" id="authors_copy_1">Authors</div><div class="publishers" id="publishers_copy_1">Publishers</div><div class="print-style" id="print-style_copy_1">Print Style</div><div class="permissions" id="permissions_copy_1">Permissions</div><div data-type="subject" id="subject_copy_1">Subject</div>
  </div>
  <section data-depth="1" id="1" class="reference">
    
    <div data-type="note" id="note1">
      <a href="#some-id"><span>1.</span>
</a>
      <span>Victoria Knowles, &#x201C;What&#x2019;s the Difference Between CSR and Sustainability?&#x201D;</span>
    </div>
  </section><section data-depth="1" id="2" class="reference">
    
    <div data-type="note" id="note2">
      <a href="#some-id2"><span>2.</span>
</a>
      <span>Abercrombie, Nicholas, Stephen Hill, and Bryan S. Turner. 2000. The Penguin Dictionary of Sociology. London: Penguin.</span>
    </div>
  </section>
</div>
</div>