
    <div>
  <p>
    <span>
      <span class="os-math-in-para"><math>
        <msup>
          <mn>10</mn>
          <mn>3</mn>
        </msup>
      </math></span>
    </span>
  </p>
</div>

  