<div data-type="chapter"><div data-type="page" id="apId"><h1 data-type="document-title" itemprop="name" id="intro">Introduction page!</h1>

</div><div class="os-eoc os-section-summary-container" data-type="composite-page" data-uuid-key=".section-summary">
  <h2 data-type="document-title">
    <span class="os-text">Summary</span>
  </h2>
  <div data-type="metadata" style="display: none;">
    <h1 data-type="document-title" itemprop="name">Summary</h1>
    <span data-type="revised">Revised</span><span data-type="slug">Slug</span><div class="authors">Authors</div><div class="publishers">Publishers</div><div class="print-style">Print Style</div><div class="permissions">Permissions</div><div data-type="subject">Subject</div>
  </div>
  <section class="summary" data-element-type="section-summary"><a href="#apId_titlecreatedbycookbook">
  <h3 data-type="document-title">
  <span class="os-number">1.1</span>
<span class="os-divider"> </span>

  <span class="os-text" data-type="" itemprop="">Introduction page!</span>
</h3>

</a>

  <h3 data-type="document-title">
    <span class="os-number">Do not bake number</span>
    <span class="os-divider"> </span>
    <span class="os-text" data-type="" itemprop="">No Bake Title</span>
  </h3>
  <p>This should stay where it is.</p>
</section>
</div>
</div>