<div data-type="chapter">
  <h1 data-type="document-title">Chapter 1 title</h1>
  <div data-type="page" class="introduction">Chapter intro</div>
  <div data-type="page" class="chapter-content-module">
    <h2 data-type="document-title">Module 1.1 title</h2>
    <div data-type="abstract"><h3 data-type="title">Learning Objectives</h3>
      By the end of this module, you will be able to:
        <ul class="os-abstract">
          <li><span class="os-abstract-token">1</span>
<span class="os-abstract-content">Outline the historical development of chemistry</span>
</li>
          <li><span class="os-abstract-token">2</span>
<span class="os-abstract-content">Provide examples of the importance of chemistry in everyday life</span>
</li>
        </ul>
      </div>
  </div>
</div>